{"synthetic": false,
 "schemaVersion": "2025-09-10",
 "outputs":
 {"o": ["5cd202afe8541c6c.olean"],
  "m": false,
  "i": "ba9a49b74701caa5.ilean",
  "c": "1b6401a67c01edc5.c"},
 "log":
 [{"message":
   ".> LEAN_PATH=/workspaces/Qiskit-LEAN-Bridge/lean/.lake/packages/Cli/.lake/build/lib/lean:/workspaces/Qiskit-LEAN-Bridge/lean/.lake/packages/batteries/.lake/build/lib/lean:/workspaces/Qiskit-LEAN-Bridge/lean/.lake/packages/Qq/.lake/build/lib/lean:/workspaces/Qiskit-LEAN-Bridge/lean/.lake/packages/aesop/.lake/build/lib/lean:/workspaces/Qiskit-LEAN-Bridge/lean/.lake/packages/proofwidgets/.lake/build/lib/lean:/workspaces/Qiskit-LEAN-Bridge/lean/.lake/packages/importGraph/.lake/build/lib/lean:/workspaces/Qiskit-LEAN-Bridge/lean/.lake/packages/LeanSearchClient/.lake/build/lib/lean:/workspaces/Qiskit-LEAN-Bridge/lean/.lake/packages/plausible/.lake/build/lib/lean:/workspaces/Qiskit-LEAN-Bridge/lean/.lake/packages/mathlib/.lake/build/lib/lean:/workspaces/Qiskit-LEAN-Bridge/lean/.lake/packages/Quantumlib/.lake/build/lib/lean:/workspaces/Qiskit-LEAN-Bridge/lean/.lake/build/lib/lean /home/codespace/.elan/toolchains/leanprover--lean4---v4.30.0-rc2/bin/lean /workspaces/Qiskit-LEAN-Bridge/lean/QiskitEquiv/Generated.lean -o /workspaces/Qiskit-LEAN-Bridge/lean/.lake/build/lib/lean/QiskitEquiv/Generated.olean -i /workspaces/Qiskit-LEAN-Bridge/lean/.lake/build/lib/lean/QiskitEquiv/Generated.ilean -c /workspaces/Qiskit-LEAN-Bridge/lean/.lake/build/ir/QiskitEquiv/Generated.c --setup /workspaces/Qiskit-LEAN-Bridge/lean/.lake/build/ir/QiskitEquiv/Generated.setup.json --json",
   "level": "trace"},
  {"message": "QiskitEquiv/Generated.lean:412:6: declaration uses `sorry`",
   "level": "warning"},
  {"message": "QiskitEquiv/Generated.lean:419:6: declaration uses `sorry`",
   "level": "warning"},
  {"message": "QiskitEquiv/Generated.lean:431:6: declaration uses `sorry`",
   "level": "warning"},
  {"message": "QiskitEquiv/Generated.lean:446:6: declaration uses `sorry`",
   "level": "warning"},
  {"message": "QiskitEquiv/Generated.lean:453:6: declaration uses `sorry`",
   "level": "warning"},
  {"message": "QiskitEquiv/Generated.lean:460:6: declaration uses `sorry`",
   "level": "warning"},
  {"message": "QiskitEquiv/Generated.lean:468:6: declaration uses `sorry`",
   "level": "warning"},
  {"message": "QiskitEquiv/Generated.lean:486:6: declaration uses `sorry`",
   "level": "warning"},
  {"message": "QiskitEquiv/Generated.lean:494:6: declaration uses `sorry`",
   "level": "warning"},
  {"message": "QiskitEquiv/Generated.lean:529:6: declaration uses `sorry`",
   "level": "warning"},
  {"message": "QiskitEquiv/Generated.lean:569:6: declaration uses `sorry`",
   "level": "warning"},
  {"message": "QiskitEquiv/Generated.lean:611:6: declaration uses `sorry`",
   "level": "warning"},
  {"message": "QiskitEquiv/Generated.lean:625:6: declaration uses `sorry`",
   "level": "warning"},
  {"message": "QiskitEquiv/Generated.lean:690:6: declaration uses `sorry`",
   "level": "warning"},
  {"message": "QiskitEquiv/Generated.lean:696:6: declaration uses `sorry`",
   "level": "warning"},
  {"message": "QiskitEquiv/Generated.lean:706:6: declaration uses `sorry`",
   "level": "warning"},
  {"message": "QiskitEquiv/Generated.lean:713:6: declaration uses `sorry`",
   "level": "warning"},
  {"message": "QiskitEquiv/Generated.lean:720:6: declaration uses `sorry`",
   "level": "warning"},
  {"message": "QiskitEquiv/Generated.lean:727:6: declaration uses `sorry`",
   "level": "warning"},
  {"message": "QiskitEquiv/Generated.lean:735:6: declaration uses `sorry`",
   "level": "warning"},
  {"message": "QiskitEquiv/Generated.lean:768:6: declaration uses `sorry`",
   "level": "warning"},
  {"message": "QiskitEquiv/Generated.lean:775:6: declaration uses `sorry`",
   "level": "warning"},
  {"message": "QiskitEquiv/Generated.lean:796:6: declaration uses `sorry`",
   "level": "warning"},
  {"message": "QiskitEquiv/Generated.lean:804:6: declaration uses `sorry`",
   "level": "warning"},
  {"message": "QiskitEquiv/Generated.lean:814:6: declaration uses `sorry`",
   "level": "warning"},
  {"message": "QiskitEquiv/Generated.lean:821:6: declaration uses `sorry`",
   "level": "warning"},
  {"message": "QiskitEquiv/Generated.lean:845:6: declaration uses `sorry`",
   "level": "warning"},
  {"message": "QiskitEquiv/Generated.lean:854:6: declaration uses `sorry`",
   "level": "warning"},
  {"message": "QiskitEquiv/Generated.lean:864:6: declaration uses `sorry`",
   "level": "warning"},
  {"message": "QiskitEquiv/Generated.lean:873:6: declaration uses `sorry`",
   "level": "warning"},
  {"message": "QiskitEquiv/Generated.lean:897:6: declaration uses `sorry`",
   "level": "warning"},
  {"message": "QiskitEquiv/Generated.lean:903:6: declaration uses `sorry`",
   "level": "warning"},
  {"message": "QiskitEquiv/Generated.lean:909:6: declaration uses `sorry`",
   "level": "warning"},
  {"message": "QiskitEquiv/Generated.lean:915:6: declaration uses `sorry`",
   "level": "warning"},
  {"message": "QiskitEquiv/Generated.lean:964:6: declaration uses `sorry`",
   "level": "warning"},
  {"message": "QiskitEquiv/Generated.lean:970:6: declaration uses `sorry`",
   "level": "warning"},
  {"message": "QiskitEquiv/Generated.lean:976:6: declaration uses `sorry`",
   "level": "warning"},
  {"message": "QiskitEquiv/Generated.lean:982:6: declaration uses `sorry`",
   "level": "warning"},
  {"message": "QiskitEquiv/Generated.lean:988:6: declaration uses `sorry`",
   "level": "warning"},
  {"message": "QiskitEquiv/Generated.lean:997:6: declaration uses `sorry`",
   "level": "warning"},
  {"message": "QiskitEquiv/Generated.lean:1003:6: declaration uses `sorry`",
   "level": "warning"},
  {"message": "QiskitEquiv/Generated.lean:1010:6: declaration uses `sorry`",
   "level": "warning"},
  {"message": "QiskitEquiv/Generated.lean:1016:6: declaration uses `sorry`",
   "level": "warning"}],
 "inputs":
 [["QiskitEquiv.Generated:deps",
   [["deps",
     [["qiskit_equiv/QiskitEquiv:extraDep",
       [["@qiskit_equiv:extraDep", "00000000000006bb"]]],
      ["imports",
       [["Quantumlib.Data.Gate.Basic transitive imports (legacy)",
         "6525ee52715090ff"],
        ["Quantumlib.Data.Gate.Basic:importAllArts", "10af05931ded5b1b"],
        ["Quantumlib.Data.Gate.Rotate transitive imports (legacy)",
         "32b89b0eaca2ccc7"],
        ["Quantumlib.Data.Gate.Rotate:importAllArts", "d8779ce8a0fd3baf"],
        ["Quantumlib.Data.Gate.PhaseShift transitive imports (legacy)",
         "32b89b0eaca2ccc7"],
        ["Quantumlib.Data.Gate.PhaseShift:importAllArts", "0b2f46cbb07eb4a4"],
        ["Quantumlib.Data.Gate.Pauli.Defs transitive imports (legacy)",
         "76a81894d5130728"],
        ["Quantumlib.Data.Gate.Pauli.Defs:importAllArts", "220c4257e08a0a25"],
        ["Quantumlib.Data.Gate.Equivs transitive imports (legacy)",
         "9681205afa112d9c"],
        ["Quantumlib.Data.Gate.Equivs:importAllArts", "bd1e19ddbabf2e50"]]]]],
    ["libs",
     [["import dynlibs", "00000000000006bb"],
      ["package external libraries", "00000000000006bb"],
      ["module dynlibs", "00000000000006bb"],
      ["module plugins", "00000000000006bb"]]]]],
  ["Lean 4.30.0, commit 3dc1a088b6d2d8eafe25a7cd7ec7b58d731bd7cc",
   "2c8d2623007dfc36"],
  ["/workspaces/Qiskit-LEAN-Bridge/lean/QiskitEquiv/Generated.lean",
   "57b6e2d5e7e01083"],
  ["options", "00000000000006bb"],
  ["isModule: false", "feefd2a0d3a1847e"],
  ["Module.name: QiskitEquiv.Generated", "bcad20a41735ea5f"],
  ["Package.id?: (some qiskit_equiv)", "99cb92839dfccbcd"],
  ["Module.leanArgs: #[]", "00000000000006bb"]],
 "depHash": "4a50702e07fa71fc"}