{"synthetic": false,
 "schemaVersion": "2025-09-10",
 "outputs":
 {"o": ["101980a522ef4cf0.olean"],
  "m": false,
  "i": "8dd629258c164faf.ilean",
  "c": "47d568e75d7c2ef2.c"},
 "log":
 [{"message":
   ".> LEAN_PATH=/workspaces/Qiskit-LEAN-Bridge/lean/.lake/packages/Cli/.lake/build/lib/lean:/workspaces/Qiskit-LEAN-Bridge/lean/.lake/packages/batteries/.lake/build/lib/lean:/workspaces/Qiskit-LEAN-Bridge/lean/.lake/packages/Qq/.lake/build/lib/lean:/workspaces/Qiskit-LEAN-Bridge/lean/.lake/packages/aesop/.lake/build/lib/lean:/workspaces/Qiskit-LEAN-Bridge/lean/.lake/packages/proofwidgets/.lake/build/lib/lean:/workspaces/Qiskit-LEAN-Bridge/lean/.lake/packages/importGraph/.lake/build/lib/lean:/workspaces/Qiskit-LEAN-Bridge/lean/.lake/packages/LeanSearchClient/.lake/build/lib/lean:/workspaces/Qiskit-LEAN-Bridge/lean/.lake/packages/plausible/.lake/build/lib/lean:/workspaces/Qiskit-LEAN-Bridge/lean/.lake/packages/mathlib/.lake/build/lib/lean:/workspaces/Qiskit-LEAN-Bridge/lean/.lake/packages/Quantumlib/.lake/build/lib/lean:/workspaces/Qiskit-LEAN-Bridge/lean/.lake/build/lib/lean /home/codespace/.elan/toolchains/leanprover--lean4---v4.30.0-rc2/bin/lean /workspaces/Qiskit-LEAN-Bridge/lean/QiskitEquiv.lean -o /workspaces/Qiskit-LEAN-Bridge/lean/.lake/build/lib/lean/QiskitEquiv.olean -i /workspaces/Qiskit-LEAN-Bridge/lean/.lake/build/lib/lean/QiskitEquiv.ilean -c /workspaces/Qiskit-LEAN-Bridge/lean/.lake/build/ir/QiskitEquiv.c --setup /workspaces/Qiskit-LEAN-Bridge/lean/.lake/build/ir/QiskitEquiv.setup.json --json",
   "level": "trace"}],
 "inputs":
 [["QiskitEquiv:deps",
   [["deps",
     [["qiskit_equiv/QiskitEquiv:extraDep",
       [["@qiskit_equiv:extraDep", "00000000000006bb"]]],
      ["imports",
       [["QiskitEquiv.Generated transitive imports (legacy)",
         "f9ff9fbb58b75dc3"],
        ["QiskitEquiv.Generated:importAllArts", "e5e5e3899240462a"]]]]],
    ["libs",
     [["import dynlibs", "00000000000006bb"],
      ["package external libraries", "00000000000006bb"],
      ["module dynlibs", "00000000000006bb"],
      ["module plugins", "00000000000006bb"]]]]],
  ["Lean 4.30.0, commit 3dc1a088b6d2d8eafe25a7cd7ec7b58d731bd7cc",
   "2c8d2623007dfc36"],
  ["/workspaces/Qiskit-LEAN-Bridge/lean/QiskitEquiv.lean", "90c0547b92bc496d"],
  ["options", "00000000000006bb"],
  ["isModule: false", "feefd2a0d3a1847e"],
  ["Module.name: QiskitEquiv", "7536f88df9196f69"],
  ["Package.id?: (some qiskit_equiv)", "99cb92839dfccbcd"],
  ["Module.leanArgs: #[]", "00000000000006bb"]],
 "depHash": "41a927b9535c19de"}